Microsoft Windows [Version 10.0.18362.778]
(c) 2019 Microsoft Corporation. All rights reserved.

C:\Users\User\Desktop\Mypackage>python setup.py sdist bdist_wheel
usage: setup.py [global_opts] cmd1 [cmd1_opts] [cmd2 [cmd2_opts] ...]
   or: setup.py --help [cmd1 cmd2 ...]
   or: setup.py --help-commands
   or: setup.py cmd --help

error: invalid command 'bdist_wheel'

C:\Users\User\Desktop\Mypackage>python3 setup.py sdist bdist_wheel

C:\Users\User\Desktop\Mypackage>ls
package  setup.py  test

C:\Users\User\Desktop\Mypackage>python -m pip install --user --upgrade setuptools wheel
Collecting setuptools
  Downloading setuptools-46.3.0-py3-none-any.whl (582 kB)
     |████████████████████████████████| 582 kB 297 kB/s
Collecting wheel
  Downloading wheel-0.34.2-py2.py3-none-any.whl (26 kB)
Installing collected packages: setuptools, wheel
  Attempting uninstall: setuptools
    Found existing installation: setuptools 46.1.3
    Uninstalling setuptools-46.1.3:
      Successfully uninstalled setuptools-46.1.3
  WARNING: The scripts easy_install-3.6.exe and easy_install.exe are installed in 'C:\Users\User\AppData\Roaming\Python\Python36\Scripts' which is not on PATH.
  Consider adding this directory to PATH or, if you prefer to suppress this warning, use --no-warn-script-location.
  WARNING: The script wheel.exe is installed in 'C:\Users\User\AppData\Roaming\Python\Python36\Scripts' which is not on PATH.
  Consider adding this directory to PATH or, if you prefer to suppress this warning, use --no-warn-script-location.
Successfully installed setuptools-46.3.0 wheel-0.34.2

C:\Users\User\Desktop\Mypackage>python setup.py sdist bdist_wheel
running sdist
running egg_info
creating package.egg-info
writing package.egg-info\PKG-INFO
writing dependency_links to package.egg-info\dependency_links.txt
writing top-level names to package.egg-info\top_level.txt
writing manifest file 'package.egg-info\SOURCES.txt'
reading manifest file 'package.egg-info\SOURCES.txt'
writing manifest file 'package.egg-info\SOURCES.txt'
warning: sdist: standard file not found: should have one of README, README.rst, README.txt, README.md

running check
warning: check: missing required meta-data: url

creating package-0.0.1
creating package-0.0.1\package
creating package-0.0.1\package.egg-info
creating package-0.0.1\test
copying files to package-0.0.1...
copying setup.py -> package-0.0.1
copying package\__init__.py -> package-0.0.1\package
copying package\utility.py -> package-0.0.1\package
copying package.egg-info\PKG-INFO -> package-0.0.1\package.egg-info
copying package.egg-info\SOURCES.txt -> package-0.0.1\package.egg-info
copying package.egg-info\dependency_links.txt -> package-0.0.1\package.egg-info
copying package.egg-info\top_level.txt -> package-0.0.1\package.egg-info
copying test\test_myfile.py -> package-0.0.1\test
copying test\test_utility.py -> package-0.0.1\test
Writing package-0.0.1\setup.cfg
creating dist
Creating tar archive
removing 'package-0.0.1' (and everything under it)
running bdist_wheel
running build
running build_py
creating build
creating build\lib
creating build\lib\package
copying package\utility.py -> build\lib\package
copying package\__init__.py -> build\lib\package
installing to build\bdist.win-amd64\wheel
running install
running install_lib
creating build\bdist.win-amd64
creating build\bdist.win-amd64\wheel
creating build\bdist.win-amd64\wheel\package
copying build\lib\package\utility.py -> build\bdist.win-amd64\wheel\.\package
copying build\lib\package\__init__.py -> build\bdist.win-amd64\wheel\.\package
running install_egg_info
Copying package.egg-info to build\bdist.win-amd64\wheel\.\package-0.0.1-py3.6.egg-info
running install_scripts
creating build\bdist.win-amd64\wheel\package-0.0.1.dist-info\WHEEL
creating 'dist\package-0.0.1-py3-none-any.whl' and adding 'build\bdist.win-amd64\wheel' to it
adding 'package/__init__.py'
adding 'package/utility.py'
adding 'package-0.0.1.dist-info/METADATA'
adding 'package-0.0.1.dist-info/WHEEL'
adding 'package-0.0.1.dist-info/top_level.txt'
adding 'package-0.0.1.dist-info/RECORD'
removing build\bdist.win-amd64\wheel

C:\Users\User\Desktop\Mypackage>dls
'dls' is not recognized as an internal or external command,
operable program or batch file.

C:\Users\User\Desktop\Mypackage>ls
build  dist  package  package.egg-info  setup.py  test

C:\Users\User\Desktop\Mypackage>ddir
'ddir' is not recognized as an internal or external command,
operable program or batch file.

C:\Users\User\Desktop\Mypackage>dir
 Volume in drive C has no label.
 Volume Serial Number is FE7E-0B18

 Directory of C:\Users\User\Desktop\Mypackage

05/14/2020  08:34 PM    <DIR>          .
05/14/2020  08:34 PM    <DIR>          ..
05/14/2020  08:34 PM    <DIR>          build
05/14/2020  08:34 PM    <DIR>          dist
05/14/2020  08:23 PM    <DIR>          package
05/14/2020  08:34 PM    <DIR>          package.egg-info
05/14/2020  08:28 PM               476 setup.py
05/14/2020  08:22 PM    <DIR>          test
               1 File(s)            476 bytes
               7 Dir(s)  125,978,296,320 bytes free

C:\Users\User\Desktop\Mypackage>python setup.py install
running install
running bdist_egg
running egg_info
writing package.egg-info\PKG-INFO
writing dependency_links to package.egg-info\dependency_links.txt
writing top-level names to package.egg-info\top_level.txt
reading manifest file 'package.egg-info\SOURCES.txt'
writing manifest file 'package.egg-info\SOURCES.txt'
installing library code to build\bdist.win-amd64\egg
running install_lib
running build_py
creating build\bdist.win-amd64\egg
creating build\bdist.win-amd64\egg\package
copying build\lib\package\utility.py -> build\bdist.win-amd64\egg\package
copying build\lib\package\__init__.py -> build\bdist.win-amd64\egg\package
byte-compiling build\bdist.win-amd64\egg\package\utility.py to utility.cpython-36.pyc
byte-compiling build\bdist.win-amd64\egg\package\__init__.py to __init__.cpython-36.pyc
creating build\bdist.win-amd64\egg\EGG-INFO
copying package.egg-info\PKG-INFO -> build\bdist.win-amd64\egg\EGG-INFO
copying package.egg-info\SOURCES.txt -> build\bdist.win-amd64\egg\EGG-INFO
copying package.egg-info\dependency_links.txt -> build\bdist.win-amd64\egg\EGG-INFO
copying package.egg-info\top_level.txt -> build\bdist.win-amd64\egg\EGG-INFO
zip_safe flag not set; analyzing archive contents...
creating 'dist\package-0.0.1-py3.6.egg' and adding 'build\bdist.win-amd64\egg' to it
removing 'build\bdist.win-amd64\egg' (and everything under it)
Processing package-0.0.1-py3.6.egg
Copying package-0.0.1-py3.6.egg to c:\users\user\appdata\local\programs\python\python36\lib\site-packages
Adding package 0.0.1 to easy-install.pth file

Installed c:\users\user\appdata\local\programs\python\python36\lib\site-packages\package-0.0.1-py3.6.egg
Processing dependencies for package==0.0.1
Finished processing dependencies for package==0.0.1

C:\Users\User\Desktop\Mypackage>pip freeze
appdirs==1.4.3
atomicwrites==1.3.0
attrs==19.3.0
backcall==0.1.0
beautifulsoup4==4.8.2
bleach==3.1.4
certifi==2019.11.28
chardet==3.0.4
colorama==0.4.3
decorator==4.4.2
defusedxml==0.6.0
distlib==0.3.0
entrypoints==0.3
filelock==3.0.12
idna==2.9
importlib-metadata==1.6.0
importlib-resources==1.4.0
ipykernel==5.2.0
ipynb==0.5.1
ipython==7.13.0
ipython-genutils==0.2.0
ipywidgets==7.5.1
jedi==0.16.0
Jinja2==2.11.1
jsonschema==3.2.0
jupyter==1.0.0
jupyter-client==6.1.2
jupyter-console==6.1.0
jupyter-core==4.6.3
MarkupSafe==1.1.1
mistune==0.8.4
more-itertools==8.2.0
mysql-connector-python==8.0.20
nbconvert==5.6.1
nbformat==5.0.4
notebook==6.0.3
package==0.0.1
packaging==20.3
pandocfilters==1.4.2
parso==0.6.2
pickleshare==0.7.5
pluggy==0.13.1
prometheus-client==0.7.1
prompt-toolkit==3.0.5
py==1.8.1
Pygments==2.6.1
pyparsing==2.4.6
pyrsistent==0.16.0
pytest==5.4.1
python-dateutil==2.8.1
pywin32==227
pywinpty==0.5.7
pyzmq==19.0.0
qtconsole==4.7.2
QtPy==1.9.0
requests==2.23.0
Send2Trash==1.5.0
six==1.14.0
soupsieve==2.0
terminado==0.8.3
testpath==0.4.4
tornado==6.0.4
traitlets==4.3.3
urllib3==1.25.8
virtualenv==20.0.18
wcwidth==0.1.9
webencodings==0.5.1
widgetsnbextension==3.5.1
xmltodict==0.12.0
zipp==3.1.0

Microsoft Windows [Version 10.0.18362.778]
(c) 2019 Microsoft Corporation. All rights reserved.

C:\Users\User\Desktop\Mypackage>python
Python 3.6.5 (v3.6.5:f59c0932b4, Mar 28 2018, 17:00:18) [MSC v.1900 64 bit (AMD64)] on win32
Type "help", "copyright", "credits" or "license" for more information.
>>> import package
>>> help(package)
Help on package package:

NAME
    package

PACKAGE CONTENTS
    utility

FILE
    c:\users\user\desktop\mypackage\package\__init__.py


>>> from package import utility
>>> help(utility)
Help on module package.utility in package:

NAME
    package.utility

FUNCTIONS
    add(val1, val2)

    div(val1, val2)

    mul(val1, val2)

    sub(val1, val2)

FILE
    c:\users\user\desktop\mypackage\package\utility.py


>>>